// Jest Snapshot v1, https://goo.gl/fbAQLP

exports[`should take a snapshot 1`] = `
<DocumentFragment>
  <div
    class="villager-form"
  >
    <img
      alt="4.gif"
      data-testid="icon"
      src="4.gif"
      style="height: 200px; width: auto; margin: 24px 0px;"
    />
    <button
      class="btn"
      data-testid="btn-randomize"
      style="margin: 12px 0px; width: auto;"
      type="randomize"
    >
      Show random
    </button>
  </div>
  <div
    class="villager-form"
  >
    <form>
      <input
        class="input"
        name="firstName"
        placeholder="Enter villager first name"
        style="margin: 12px 0px;"
        values=""
      />
      <input
        class="input"
        name="lastName"
        placeholder="Enter villager last name"
        style="margin: 12px 0px;"
        values=""
      />
      <select
        class="input"
        name="job"
        style="margin: 12px 0px;"
      >
        <option
          label="What the villager will do?"
          value=""
        />
        <option
          label="A Nurse"
          value="A Nurse"
        />
        <option
          label="A Fullstack Developer"
          value="A Fullstack Developer"
        />
        <option
          label="An Artist"
          value="An Artist"
        />
        <option
          label="A Witcher"
          value="A Witcher"
        />
      </select>
      <button
        class="btn"
        style="margin: 12px 0px;"
        type="submit"
      >
        Add to your island
      </button>
    </form>
  </div>
</DocumentFragment>
`;
